# serializer version: 1
# name: test_rbac_org_id
  'Your Org ID is org123. You can also find it by clicking on your name at the top right of the screen.'
# ---
